// Jest Snapshot v1, https://goo.gl/fbAQLP

exports[`AddToCart Component Renders and Matches Snapshot 1`] = `
<button
  onClick={[Function]}
>
  Add
   To Cart ðŸ›’
</button>
`;
