// Jest Snapshot v1, https://goo.gl/fbAQLP
exports[`Pagination Component renders pagination for 18 items 1`] = `
<div
  className="PaginationStyles-aduuar-0 ewJsCc"
  data-test="pagination"
>
  <Head>
    <Component
      handleStateChange={null}
      inAmpMode={false}
      reduceComponentsToState={[Function]}
    />
  </Head>
  <Link
    href={
      Object {
        "pathname": "items",
        "query": Object {
          "page": 5,
        },
      }
    }
    prefetch={true}
  >
    <a
      className="prev"
      href="items?page=5"
      onClick={[Function]}
      onMouseEnter={[Function]}
    >
      â—„ Prev
    </a>
  </Link>
  <p>
    Page 
    1
     of 
    <span
      className="totalPages"
    >
      5
    </span>
     ðŸ˜Ž}
  </p>
  <Link
    href={
      Object {
        "pathname": "items",
        "query": Object {
          "page": 2,
        },
      }
    }
    prefetch={true}
  >
    <a
      href="items?page=2"
      onClick={[Function]}
      onMouseEnter={[Function]}
    >
      Next â–º
    </a>
  </Link>
</div>
`;
